Error type 1 at Lind 3: c is used without a definition
Error type 5 at Line 9: unmatching type on both sides of assignment
Error type 8 at Line 10: incompatiable return type
