Error type 5 at Line 15: unmatching type on both sides of assignment
Error type 5 at Line 18: unmatching type on both sides of assignment
Error type 13 at Line 19: accessing with non-struct variable
Error type 5 at Line 19: unmatching type on both sides of assignment
Error type 5 at Line 20: unmatching type on both sides of assignment
